8: 0000000000000000
x: 0000000000000000
l: 405928b95fa268fd
