8: 0000000000000000
x: 1300000000000000
i: 00000000132160aa
