8: 0000000000000000
x: c100000000000000
l: c1131cdbba979824
