9: 000000000000000000
x: 510000000000000000
ll: 0051c06e49b740283f
