8: 0000000000000000
x: c800000000000000
ll: c80765affcb0d347
