9: 000000000000000000
x: ff0000000000000000
d: 00ffffffffffffffff
