9: 000000000000000000
x: 070000000000000000
ll: 000700000000000000
