8: 0000000000000000
x: 0000000000000000
i: 00000000305d9dbd
