8: 0000000000000000
x: 0700000000000000
l: 9fa94ca4ba81ad2b
