8: 0000000000000000
x: ea00000000000000
i: 00000000ea693b1a
