8: 0000000000000000
x: 0200000000000000
ll: 504fdbd1c872f00d
