16: 00000000000000000000000000000000
x: 02000000000000000000000000000000
l: 00000000000000000200000000000000
