8: 0000000000000000
l: 0000000000000000
x: 0040000000000000
