16: 00000000000000000000000000000000
x: 02000000000000000000000000000000
c: 0000000000000000ea00000000000000
