8: 0000000000000000
x: 0200000000000000
s: 0000000002000000
