8: 0000000000000000
x: 0600000000000000
l: 3000000000000000
