8: 0000000000000000
x: 0700000000000000
ll: 3800000000000000
