16: 00000000000000000000000000000000
x: ff000000000000000000000000000000
l: 0000000000000000ffffffffffffffff
