8: 0000000000000000
x: 0400000000000000
l: a0602043eec8912d
