8: 0000000000000000
x: 0100000000000000
ll: e9666a4dd3577a14
