8: 0000000000000000
x: 0700000000000000
ll: af7307ea40a98e19
