8: 0000000000000000
x: 0300000000000000
l: 0300000000000000
