9: 000000000000000000
x: 010000000000000000
l: 000100000000000000
