16: 00000000000000000000000000000000
x: 07000000000000000000000000000000
l: 00000000000000000700000000000000
