8: 0000000000000000
x: 0100000000000000
ll: 0100000000000000
