8: 0000000000000000
x: 0000000000000000
c: a000000000000000
