8: 0000000000000000
x: 0500000000000000
ll: 0500000000000000
