8: 0000000000000000
x: 0600000000000000
s: 0000000006000000
