9: 000000000000000000
x: 060000000000000000
c: 000600000000000000
