9: 000000000000000000
x: 020000000000000000
c: 00da00000000000000
