8: 0000000000000000
x: 3c00000000000000
ll: 3cab76a738f6c519
