8: 0000000000000000
x: 0400000000000000
ll: 3cab76a738f6c519
