8: 0000000000000000
x: 0400000000000000
l: 0400000000000000
