8: 0000000000000000
x: 0500000000000000
l: 0500000000000000
