16: 00000000000000000000000000000000
x: 01000000000000000000000000000000
i: 00000000000000000100000000000000
