32: 0000000000000000000000000000000000000000000000000000000000000000
x: 0500000000000000000000000000000000000000000000000000000000000000
l: 0000000000000000000000000000000005000000000000000000000000000000
