16: 00000000000000000000000000000000
x: 04000000000000000000000000000000
ll: 04000000000000000000000000000000
