8: 0000000000000000
x: 0100000000000000
c: 4900000000000000
