8: 0000000000000000
x: 0200000000000000
c: 8a00000000000000
