8: 0000000000000000
x: 0700000000000000
c: 3f00000000000000
