8: 0000000000000000
x: 0300000000000000
c: 9300000000000000
