8: 0000000000000000
x: 7b00000000000000
e: 000000007be914d0
