9: 000000000000000000
x: 070000000000000000
e: 00c7c25e2ff86344bb
