9: 000000000000000000
x: 0b0000000000000000
e: 000b0cf3ff8a672eff
