16: 00000000000000000000000000000000
x: ff000000000000000000000000000000
e: 0000000000000000ffffffffffffffff
