8: 0000000000000000
x: e700000000000000
e: e7d57a215301fc80
