16: 00000000000000000000000000000000
x: 07000000000000000000000000000000
e: 0000000000000000ffffffffffffffff
