8: 0000000000000000
x: 0000000000000000
e: 187c5ad66b80d550
